[22:13:38.838] [INFO]: Loading config 'startup.json'.
[22:13:50.266] [INFO]: Loaded plugins: almostunified:common, almostunified:neoforge, extended_industrialization:almost_unified, industrialization_overdrive:almost_unified, modern_industrialization:almost_unified
[22:13:57.429] [WARN]: Reload detected. Reconstructing runtime.
[22:13:57.430] [INFO]: Loading config 'debug.json'.
[22:13:57.431] [INFO]: Loading config 'placeholders.json'.
[22:13:57.433] [INFO]: Loading config 'tags.json'.
[22:13:57.460] [WARN]: The following mods are used in unification settings, but are not loaded: [biggerreactors]
[22:13:57.464] [INFO]: [TagSubstitutions] Added items of replaced tags to substitute tag '#c:storage_blocks/uranium'. Added items: [bigreactors:yellorium_block]
[22:13:57.464] [INFO]: [TagSubstitutions] Added items of replaced tags to substitute tag '#c:storage_blocks/raw_uranium'. Added items: [bigreactors:raw_yellorium_block]
[22:13:57.464] [INFO]: [TagSubstitutions] Added items of replaced tags to substitute tag '#c:ingots/uranium'. Added items: [bigreactors:yellorium_ingot]
[22:13:57.464] [INFO]: [TagSubstitutions] Added items of replaced tags to substitute tag '#c:raw_materials/uranium'. Added items: [bigreactors:raw_yellorium]
[22:13:57.469] [ERROR]: forbidden_arcanus:stella_arcanum is bound to multiple stone variant tags: TagKey[minecraft:item / c:ores_in_ground/stone] and TagKey[minecraft:item / c:ores_in_ground/deepslate]
[22:13:57.469] [ERROR]: forbidden_arcanus:stella_arcanum is bound to multiple stone variant tags: TagKey[minecraft:block / c:ores_in_ground/stone] and TagKey[minecraft:block / c:ores_in_ground/deepslate]
[22:13:57.472] [INFO]: [AutoHiding] Hiding 6/7 items for tag '#c:storage_blocks/silver' -> [railcraft:silver_block, occultism:silver_block, iceandfire:silver_block, immersiveengineering:storage_silver, silentgems:silver_block, modern_industrialization:silver_block]
[22:13:57.472] [INFO]: [AutoHiding] Hiding 2/3 items for tag '#c:dusts/platinum' -> [modern_industrialization:platinum_dust, oritech:platinum_dust]
[22:13:57.473] [INFO]: [AutoHiding] Hiding 6/7 items for tag '#c:dusts/gold' -> [mekanism:dust_gold, occultism:gold_dust, enderio:powdered_gold, modern_industrialization:gold_dust, oritech:gold_dust, immersiveengineering:dust_gold]
[22:13:57.473] [INFO]: [AutoHiding] Hiding 3/4 items for tag '#c:dusts/netherite' -> [occultism:netherite_dust, mekanism:dust_netherite, extended_industrialization:netherite_dust]
[22:13:57.473] [INFO]: [AutoHiding] Hiding 1/2 items for tag '#c:storage_blocks/ruby' -> [silentgems:ruby_block]
[22:13:57.473] [INFO]: [AutoHiding] Hiding 2/3 items for tag '#c:gems/peridot' -> [irons_jewelry:peridot, silentgems:peridot]
[22:13:57.473] [INFO]: [AutoHiding] Hiding 5/6 items for tag '#c:plates/gold' -> [create:golden_sheet, railcraft:gold_plate, immersiveengineering:plate_gold, xycraft_machines:gold_sheet, modern_industrialization:gold_plate]
[22:13:57.473] [INFO]: [AutoHiding] Hiding 2/3 items for tag '#c:clumps/uranium' -> [create:crushed_raw_uranium, mekanism:clump_uranium]
[22:13:57.473] [INFO]: [AutoHiding] Hiding 2/3 items for tag '#c:storage_blocks/platinum' -> [modern_industrialization:platinum_block, oritech:platinum_block]
[22:13:57.473] [INFO]: [AutoHiding] Hiding 3/4 items for tag '#c:plates/nickel' -> [railcraft:nickel_plate, modern_industrialization:nickel_plate, immersiveengineering:plate_nickel]
[22:13:57.473] [INFO]: [AutoHiding] Hiding 1/2 items for tag '#c:gears/netherite' -> [mifa:netherite_gear]
[22:13:57.473] [INFO]: [AutoHiding] Hiding 5/6 items for tag '#c:raw_materials/uranium' -> [oritech:raw_uranium, modern_industrialization:raw_uranium, immersiveengineering:raw_uranium, bigreactors:raw_yellorium, mekanism:raw_uranium]
[22:13:57.473] [INFO]: [AutoHiding] Hiding 3/4 items for tag '#c:storage_blocks/raw_nickel' -> [oritech:raw_nickel_block, modern_industrialization:raw_nickel_block, immersiveengineering:raw_block_nickel]
[22:13:57.474] [INFO]: [AutoHiding] Hiding 9/13 items for tag '#c:ores/nickel' -> [railcraft:deepslate_nickel_ore, immersiveengineering:ore_nickel, oritech:deepslate_nickel_ore, modern_industrialization:deepslate_nickel_ore, alltheores:other_nickel_ore, railcraft:nickel_ore, immersiveengineering:deepslate_ore_nickel, modern_industrialization:nickel_ore, oritech:nickel_ore]
[22:13:57.474] [INFO]: [AutoHiding] Hiding 1/2 items for tag '#c:rods/brass' -> [createaddition:brass_rod]
[22:13:57.474] [INFO]: [AutoHiding] Hiding 1/2 items for tag '#c:shards/gold' -> [mekanism:shard_gold]
[22:13:57.474] [INFO]: [AutoHiding] Hiding 3/4 items for tag '#c:gears/gold' -> [railcraft:gold_gear, industrialforegoing:gold_gear, modern_industrialization:gold_gear]
[22:13:57.474] [INFO]: [AutoHiding] Hiding 3/4 items for tag '#c:ingots/aluminum' -> [immersiveengineering:ingot_aluminum, modern_industrialization:aluminum_ingot, xycraft_world:aluminum_ingot]
[22:13:57.474] [INFO]: [AutoHiding] Hiding 4/5 items for tag '#c:dusts/steel' -> [mekanism:dust_steel, immersiveengineering:dust_steel, oritech:steel_dust, modern_industrialization:steel_dust]
[22:13:57.474] [INFO]: [AutoHiding] Hiding 3/6 items for tag '#c:ores/gold' -> [undergarden:depthrock_gold_ore, deeperdarker:gloomslate_gold_ore, deeperdarker:sculk_stone_gold_ore]
[22:13:57.474] [INFO]: [AutoHiding] Hiding 1/2 items for tag '#c:storage_blocks/charcoal' -> [justdirethings:charcoal]
[22:13:57.474] [INFO]: [AutoHiding] Hiding 2/4 items for tag '#c:ores/lapis' -> [deeperdarker:gloomslate_lapis_ore, deeperdarker:sculk_stone_lapis_ore]
[22:13:57.474] [INFO]: [AutoHiding] Hiding 2/3 items for tag '#c:ingots/zinc' -> [create:zinc_ingot, railcraft:zinc_ingot]
[22:13:57.474] [INFO]: [AutoHiding] Hiding 2/3 items for tag '#c:clumps/platinum' -> [oritech:platinum_clump, create:crushed_raw_platinum]
[22:13:57.474] [INFO]: [AutoHiding] Hiding 5/6 items for tag '#c:plates/copper' -> [railcraft:copper_plate, modern_industrialization:copper_plate, create:copper_sheet, immersiveengineering:plate_copper, xycraft_machines:copper_sheet]
[22:13:57.474] [INFO]: [AutoHiding] Hiding 2/3 items for tag '#c:gears/invar' -> [modern_industrialization:invar_gear, railcraft:invar_gear]
[22:13:57.474] [INFO]: [AutoHiding] Hiding 2/3 items for tag '#c:plates/bronze' -> [modern_industrialization:bronze_plate, railcraft:bronze_plate]
[22:13:57.474] [INFO]: [AutoHiding] Hiding 4/5 items for tag '#c:nuggets/nickel' -> [immersiveengineering:nugget_nickel, railcraft:nickel_nugget, modern_industrialization:nickel_nugget, oritech:nickel_nugget]
[22:13:57.474] [INFO]: [AutoHiding] Hiding 2/3 items for tag '#c:raw_materials/zinc' -> [create:raw_zinc, railcraft:zinc_raw]
[22:13:57.474] [INFO]: [AutoHiding] Hiding 3/4 items for tag '#c:clumps/copper' -> [oritech:copper_clump, create:crushed_raw_copper, mekanism:clump_copper]
[22:13:57.474] [INFO]: [AutoHiding] Hiding 4/6 items for tag '#c:ores/iron' -> [undergarden:shiverstone_iron_ore, undergarden:depthrock_iron_ore, deeperdarker:gloomslate_iron_ore, deeperdarker:sculk_stone_iron_ore]
[22:13:57.474] [INFO]: [AutoHiding] Hiding 2/3 items for tag '#c:storage_blocks/raw_aluminum' -> [immersiveengineering:raw_block_aluminum, xycraft_world:raw_aluminum_block]
[22:13:57.474] [INFO]: [AutoHiding] Hiding 2/3 items for tag '#c:storage_blocks/raw_tin' -> [modern_industrialization:raw_tin_block, mekanism:block_raw_tin]
[22:13:57.474] [INFO]: [AutoHiding] Hiding 1/2 items for tag '#c:nuggets/osmium' -> [mekanism:nugget_osmium]
[22:13:57.476] [INFO]: [AutoHiding] Hiding 4/6 items for tag '#c:ores/diamond' -> [undergarden:shiverstone_diamond_ore, deeperdarker:sculk_stone_diamond_ore, deeperdarker:gloomslate_diamond_ore, undergarden:depthrock_diamond_ore]
[22:13:57.476] [INFO]: [AutoHiding] Hiding 1/2 items for tag '#c:dirty_dusts/osmium' -> [mekanism:dirty_dust_osmium]
[22:13:57.476] [INFO]: [AutoHiding] Hiding 1/2 items for tag '#c:rods/tin' -> [modern_industrialization:tin_rod]
[22:13:57.476] [INFO]: [AutoHiding] Hiding 1/2 items for tag '#c:crystals/copper' -> [mekanism:crystal_copper]
[22:13:57.476] [INFO]: [AutoHiding] Hiding 1/2 items for tag '#c:gems/fluorite' -> [mekanism:fluorite_gem]
[22:13:57.476] [INFO]: [AutoHiding] Hiding 1/2 items for tag '#c:rods/silver' -> [silentgems:silver_rod]
[22:13:57.476] [INFO]: [AutoHiding] Hiding 1/2 items for tag '#c:shards/iron' -> [mekanism:shard_iron]
[22:13:57.476] [INFO]: [AutoHiding] Hiding 3/4 items for tag '#c:nuggets/uranium' -> [immersiveengineering:nugget_uranium, mekanism:nugget_uranium, modern_industrialization:uranium_nugget]
[22:13:57.476] [INFO]: [AutoHiding] Hiding 1/2 items for tag '#c:rods/uranium' -> [modern_industrialization:uranium_rod]
[22:13:57.476] [INFO]: [AutoHiding] Hiding 3/4 items for tag '#c:clumps/iron' -> [mekanism:clump_iron, create:crushed_raw_iron, oritech:iron_clump]
[22:13:57.476] [INFO]: [AutoHiding] Hiding 1/2 items for tag '#c:crystals/aluminum' -> [xycraft_machines:aluminum_crystal]
[22:13:57.476] [INFO]: [AutoHiding] Hiding 1/2 items for tag '#c:gears/diamond' -> [industrialforegoing:diamond_gear]
[22:13:57.476] [INFO]: [AutoHiding] Hiding 6/10 items for tag '#c:ores/sapphire' -> [silentgems:nether_sapphire_ore, iceandfire:sapphire_ore, silentgems:end_sapphire_ore, silentgems:deepslate_sapphire_ore, alltheores:other_sapphire_ore, silentgems:sapphire_ore]
[22:13:57.476] [INFO]: [AutoHiding] Hiding 1/2 items for tag '#c:nuggets/iridium' -> [modern_industrialization:iridium_nugget]
[22:13:57.476] [INFO]: [AutoHiding] Hiding 3/4 items for tag '#c:nuggets/tin' -> [mekanism:nugget_tin, modern_industrialization:tin_nugget, railcraft:tin_nugget]
[22:13:57.477] [INFO]: [AutoHiding] Hiding 1/2 items for tag '#c:gears/brass' -> [railcraft:brass_gear]
[22:13:57.477] [INFO]: [AutoHiding] Hiding 4/5 items for tag '#c:storage_blocks/lead' -> [modern_industrialization:lead_block, railcraft:lead_block, immersiveengineering:storage_lead, mekanism:block_lead]
[22:13:57.477] [INFO]: [AutoHiding] Hiding 5/6 items for tag '#c:storage_blocks/steel' -> [modern_industrialization:steel_block, oritech:steel_block, mekanism:block_steel, railcraft:steel_block, immersiveengineering:storage_steel]
[22:13:57.477] [INFO]: [AutoHiding] Hiding 3/4 items for tag '#c:ingots/tin' -> [railcraft:tin_ingot, mekanism:ingot_tin, modern_industrialization:tin_ingot]
[22:13:57.477] [INFO]: [AutoHiding] Hiding 2/3 items for tag '#c:nuggets/platinum' -> [oritech:platinum_nugget, modern_industrialization:platinum_nugget]
[22:13:57.477] [INFO]: [AutoHiding] Hiding 3/7 items for tag '#c:ores/fluorite' -> [mekanism:deepslate_fluorite_ore, alltheores:other_fluorite_ore, mekanism:fluorite_ore]
[22:13:57.477] [INFO]: [AutoHiding] Hiding 1/2 items for tag '#c:raw_materials/osmium' -> [mekanism:raw_osmium]
[22:13:57.477] [INFO]: [AutoHiding] Hiding 3/4 items for tag '#c:gems/sapphire' -> [iceandfire:sapphire_gem, silentgems:sapphire, irons_jewelry:sapphire]
[22:13:57.477] [INFO]: [AutoHiding] Hiding 2/3 items for tag '#c:raw_materials/aluminum' -> [xycraft_world:raw_aluminum, immersiveengineering:raw_aluminum]
[22:13:57.478] [INFO]: [AutoHiding] Hiding 1/2 items for tag '#c:crystals/gold' -> [mekanism:crystal_gold]
[22:13:57.478] [INFO]: [AutoHiding] Hiding 3/4 items for tag '#c:nuggets/electrum' -> [modern_industrialization:electrum_nugget, immersiveengineering:nugget_electrum, createaddition:electrum_nugget]
[22:13:57.478] [INFO]: [AutoHiding] Hiding 4/5 items for tag '#c:ingots/nickel' -> [modern_industrialization:nickel_ingot, railcraft:nickel_ingot, oritech:nickel_ingot, immersiveengineering:ingot_nickel]
[22:13:57.478] [INFO]: [AutoHiding] Hiding 2/3 items for tag '#c:rods/copper' -> [createaddition:copper_rod, modern_industrialization:copper_rod]
[22:13:57.478] [INFO]: [AutoHiding] Hiding 2/3 items for tag '#c:ingots/brass' -> [railcraft:brass_ingot, create:brass_ingot]
[22:13:57.478] [INFO]: [AutoHiding] Hiding 3/4 items for tag '#c:silicon' -> [oritech:silicon, enderio:silicon, refinedstorage:silicon]
[22:13:57.478] [INFO]: [AutoHiding] Hiding 6/7 items for tag '#c:dusts/iron' -> [mekanism:dust_iron, modern_industrialization:iron_dust, occultism:iron_dust, enderio:powdered_iron, immersiveengineering:dust_iron, oritech:iron_dust]
[22:13:57.478] [INFO]: [AutoHiding] Hiding 1/2 items for tag '#c:shards/osmium' -> [mekanism:shard_osmium]
[22:13:57.478] [INFO]: [AutoHiding] Hiding 1/2 items for tag '#c:storage_blocks/raw_osmium' -> [mekanism:block_raw_osmium]
[22:13:57.478] [INFO]: [AutoHiding] Hiding 1/2 items for tag '#c:dusts/osmium' -> [mekanism:dust_osmium]
[22:13:57.478] [INFO]: [AutoHiding] Hiding 1/2 items for tag '#c:rods/invar' -> [modern_industrialization:invar_rod]
[22:13:57.478] [INFO]: [AutoHiding] Hiding 3/7 items for tag '#c:ores/sulfur' -> [alltheores:other_sulfur_ore, railcraft:deepslate_sulfur_ore, railcraft:sulfur_ore]
[22:13:57.478] [INFO]: [AutoHiding] Hiding 2/4 items for tag '#c:ores/copper' -> [deeperdarker:sculk_stone_copper_ore, deeperdarker:gloomslate_copper_ore]
[22:13:57.478] [INFO]: [AutoHiding] Hiding 3/4 items for tag '#c:raw_materials/tin' -> [mekanism:raw_tin, railcraft:tin_raw, modern_industrialization:raw_tin]
[22:13:57.478] [INFO]: [AutoHiding] Hiding 1/2 items for tag '#c:dusts/iridium' -> [modern_industrialization:iridium_dust]
[22:13:57.478] [INFO]: [AutoHiding] Hiding 1/2 items for tag '#c:storage_blocks/sapphire' -> [silentgems:sapphire_block]
[22:13:57.478] [INFO]: [AutoHiding] Hiding 1/2 items for tag '#c:plates/platinum' -> [modern_industrialization:platinum_plate]
[22:13:57.478] [INFO]: [AutoHiding] Hiding 1/2 items for tag '#c:dirty_dusts/gold' -> [mekanism:dirty_dust_gold]
[22:13:57.478] [INFO]: [AutoHiding] Hiding 1/2 items for tag '#c:storage_blocks/fluorite' -> [mekanism:block_fluorite]
[22:13:57.478] [INFO]: [AutoHiding] Hiding 4/5 items for tag '#c:gears/iron' -> [industrialforegoing:iron_gear, modern_industrialization:iron_gear, enderio:iron_gear, railcraft:iron_gear]
[22:13:57.478] [INFO]: [AutoHiding] Hiding 3/4 items for tag '#c:dusts/aluminum' -> [xycraft_machines:aluminum_dust, modern_industrialization:aluminum_dust, immersiveengineering:dust_aluminum]
[22:13:57.478] [INFO]: [AutoHiding] Hiding 2/3 items for tag '#c:nuggets/invar' -> [modern_industrialization:invar_nugget, railcraft:invar_nugget]
[22:13:57.478] [INFO]: [AutoHiding] Hiding 1/2 items for tag '#c:ingots/constantan' -> [immersiveengineering:ingot_constantan]
[22:13:57.478] [INFO]: [AutoHiding] Hiding 6/7 items for tag '#c:ingots/steel' -> [railcraft:steel_ingot, mekanism:ingot_steel, immersiveengineering:ingot_steel, modern_industrialization:steel_ingot, mffs:steel_ingot, oritech:steel_ingot]
[22:13:57.480] [INFO]: [AutoHiding] Hiding 1/2 items for tag '#c:clumps/zinc' -> [create:crushed_raw_zinc]
[22:13:57.480] [INFO]: [AutoHiding] Hiding 3/4 items for tag '#c:dusts/emerald' -> [modern_industrialization:emerald_dust, occultism:emerald_dust, appflux:emerald_dust]
[22:13:57.480] [INFO]: [AutoHiding] Hiding 5/9 items for tag '#c:ores/ruby' -> [silentgems:nether_ruby_ore, silentgems:ruby_ore, silentgems:end_ruby_ore, alltheores:other_ruby_ore, silentgems:deepslate_ruby_ore]
[22:13:57.480] [INFO]: [AutoHiding] Hiding 1/2 items for tag '#c:storage_blocks/osmium' -> [mekanism:block_osmium]
[22:13:57.480] [INFO]: [AutoHiding] Hiding 7/11 items for tag '#c:ores/tin' -> [railcraft:deepslate_tin_ore, mekanism:tin_ore, modern_industrialization:tin_ore, alltheores:other_tin_ore, railcraft:tin_ore, mekanism:deepslate_tin_ore, modern_industrialization:deepslate_tin_ore]
[22:13:57.480] [INFO]: [AutoHiding] Hiding 2/3 items for tag '#c:storage_blocks/brass' -> [create:brass_block, railcraft:brass_block]
[22:13:57.480] [INFO]: [AutoHiding] Hiding 3/4 items for tag '#c:plates/aluminum' -> [immersiveengineering:plate_aluminum, xycraft_machines:aluminum_sheet, modern_industrialization:aluminum_plate]
[22:13:57.480] [INFO]: [AutoHiding] Hiding 4/5 items for tag '#c:storage_blocks/raw_silver' -> [immersiveengineering:raw_block_silver, iceandfire:raw_silver_block, modern_industrialization:raw_silver_block, occultism:raw_silver_block]
[22:13:57.480] [INFO]: [AutoHiding] Hiding 1/2 items for tag '#c:crystals/uranium' -> [mekanism:crystal_uranium]
[22:13:57.480] [INFO]: [AutoHiding] Hiding 1/2 items for tag '#c:plates/iridium' -> [modern_industrialization:iridium_plate]
[22:13:57.480] [INFO]: [AutoHiding] Hiding 4/5 items for tag '#c:ingots/uranium' -> [immersiveengineering:ingot_uranium, modern_industrialization:uranium_ingot, bigreactors:yellorium_ingot, mekanism:ingot_uranium]
[22:13:57.480] [INFO]: [AutoHiding] Hiding 1/2 items for tag '#atm10:tiny_coals' -> [actuallyadditions:tiny_coal]
[22:13:57.480] [INFO]: [AutoHiding] Hiding 2/3 items for tag '#c:storage_blocks/invar' -> [railcraft:invar_block, modern_industrialization:invar_block]
[22:13:57.480] [INFO]: [AutoHiding] Hiding 2/3 items for tag '#c:dusts/bronze' -> [mekanism:dust_bronze, modern_industrialization:bronze_dust]
[22:13:57.480] [INFO]: [AutoHiding] Hiding 4/5 items for tag '#c:rods/iron' -> [modern_industrialization:iron_rod, silentgear:iron_rod, createaddition:iron_rod, immersiveengineering:stick_iron]
[22:13:57.480] [INFO]: [AutoHiding] Hiding 1/2 items for tag '#c:dirty_dusts/copper' -> [mekanism:dirty_dust_copper]
[22:13:57.480] [INFO]: [AutoHiding] Hiding 1/2 items for tag '#c:storage_blocks/iridium' -> [modern_industrialization:iridium_block]
[22:13:57.480] [INFO]: [AutoHiding] Hiding 1/2 items for tag '#c:crystals/osmium' -> [mekanism:crystal_osmium]
[22:13:57.480] [INFO]: [AutoHiding] Hiding 2/3 items for tag '#c:gears/copper' -> [railcraft:copper_gear, modern_industrialization:copper_gear]
[22:13:57.480] [INFO]: [AutoHiding] Hiding 1/2 items for tag '#c:clumps/tin' -> [mekanism:clump_tin]
[22:13:57.480] [INFO]: [AutoHiding] Hiding 3/4 items for tag '#c:dusts/silver' -> [modern_industrialization:silver_dust, immersiveengineering:dust_silver, occultism:silver_dust]
[22:13:57.480] [INFO]: [AutoHiding] Hiding 2/3 items for tag '#c:nuggets/brass' -> [create:brass_nugget, railcraft:brass_nugget]
[22:13:57.480] [INFO]: [AutoHiding] Hiding 8/9 items for tag '#c:nuggets/copper' -> [oritech:copper_nugget, immersiveengineering:nugget_copper, iceandfire:copper_nugget, xycraft_machines:copper_nugget, create:copper_nugget, modern_industrialization:copper_nugget, everythingcopper:copper_nugget, pneumaticcraft:copper_nugget]
[22:13:57.482] [INFO]: [AutoHiding] Hiding 1/2 items for tag '#c:clumps/lead' -> [mekanism:clump_lead]
[22:13:57.482] [INFO]: [AutoHiding] Hiding 4/5 items for tag '#c:raw_materials/nickel' -> [modern_industrialization:raw_nickel, immersiveengineering:raw_nickel, oritech:raw_nickel, railcraft:nickel_raw]
[22:13:57.482] [INFO]: [AutoHiding] Hiding 4/5 items for tag '#c:storage_blocks/nickel' -> [modern_industrialization:nickel_block, railcraft:nickel_block, immersiveengineering:storage_nickel, oritech:nickel_block]
[22:13:57.482] [INFO]: [AutoHiding] Hiding 2/3 items for tag '#c:plates/tin' -> [railcraft:tin_plate, modern_industrialization:tin_plate]
[22:13:57.482] [INFO]: [AutoHiding] Hiding 1/2 items for tag '#c:dirty_dusts/iron' -> [mekanism:dirty_dust_iron]
[22:13:57.482] [INFO]: [AutoHiding] Hiding 1/2 items for tag '#c:crystals/iron' -> [mekanism:crystal_iron]
[22:13:57.482] [INFO]: [AutoHiding] Hiding 3/4 items for tag '#c:plates/lead' -> [modern_industrialization:lead_plate, railcraft:lead_plate, immersiveengineering:plate_lead]
[22:13:57.482] [INFO]: [AutoHiding] Hiding 1/2 items for tag '#atm10:tiny_charcoals' -> [actuallyadditions:tiny_charcoal]
[22:13:57.482] [INFO]: [AutoHiding] Hiding 2/3 items for tag '#c:clumps/osmium' -> [mekanism:clump_osmium, create:crushed_raw_osmium]
[22:13:57.482] [INFO]: [AutoHiding] Hiding 1/2 items for tag '#c:plates/constantan' -> [immersiveengineering:plate_constantan]
[22:13:57.482] [INFO]: [AutoHiding] Hiding 1/2 items for tag '#c:ingots/osmium' -> [mekanism:ingot_osmium]
[22:13:57.482] [INFO]: [AutoHiding] Hiding 3/4 items for tag '#c:storage_blocks/bronze' -> [railcraft:bronze_block, mekanism:block_bronze, modern_industrialization:bronze_block]
[22:13:57.482] [INFO]: [AutoHiding] Hiding 1/2 items for tag '#c:clumps/aluminum' -> [xycraft_machines:aluminum_clump]
[22:13:57.482] [INFO]: [AutoHiding] Hiding 6/7 items for tag '#c:dusts/copper' -> [enderio:powdered_copper, immersiveengineering:dust_copper, mekanism:dust_copper, modern_industrialization:copper_dust, oritech:copper_dust, occultism:copper_dust]
[22:13:57.482] [INFO]: [AutoHiding] Hiding 5/6 items for tag '#c:raw_materials/silver' -> [immersiveengineering:raw_silver, railcraft:silver_raw, occultism:raw_silver, modern_industrialization:raw_silver, iceandfire:raw_silver]
[22:13:57.482] [INFO]: [AutoHiding] Hiding 1/2 items for tag '#c:gears/zinc' -> [railcraft:zinc_gear]
[22:13:57.482] [INFO]: [AutoHiding] Hiding 1/2 items for tag '#c:shards/lead' -> [mekanism:shard_lead]
[22:13:57.482] [INFO]: [AutoHiding] Hiding 1/2 items for tag '#c:gears/lead' -> [railcraft:lead_gear]
[22:13:57.482] [INFO]: [AutoHiding] Hiding 4/5 items for tag '#c:dusts/uranium' -> [oritech:uranium_dust, immersiveengineering:dust_uranium, modern_industrialization:uranium_dust, mekanism:dust_uranium]
[22:13:57.482] [INFO]: [AutoHiding] Hiding 1/2 items for tag '#c:dirty_dusts/tin' -> [mekanism:dirty_dust_tin]
[22:13:57.482] [INFO]: [AutoHiding] Hiding 1/2 items for tag '#c:dirty_dusts/aluminum' -> [xycraft_machines:aluminum_dirty_dust]
[22:13:57.482] [INFO]: [AutoHiding] Hiding 9/13 items for tag '#c:ores/lead' -> [modern_industrialization:deepslate_lead_ore, railcraft:deepslate_lead_ore, mekanism:lead_ore, modern_industrialization:lead_ore, alltheores:other_lead_ore, railcraft:lead_ore, immersiveengineering:ore_lead, immersiveengineering:deepslate_ore_lead, mekanism:deepslate_lead_ore]
[22:13:57.482] [INFO]: [AutoHiding] Hiding 1/2 items for tag '#c:shards/tin' -> [mekanism:shard_tin]
[22:13:57.484] [INFO]: [AutoHiding] Hiding 4/5 items for tag '#c:dusts/obsidian' -> [enderio:powdered_obsidian, railcraft:obsidian_dust, create:powdered_obsidian, occultism:obsidian_dust]
[22:13:57.484] [INFO]: [AutoHiding] Hiding 5/9 items for tag '#c:ores/peridot' -> [silentgems:end_peridot_ore, silentgems:peridot_ore, silentgems:deepslate_peridot_ore, silentgems:nether_peridot_ore, alltheores:other_peridot_ore]
[22:13:57.484] [INFO]: [AutoHiding] Hiding 3/4 items for tag '#c:plates/silver' -> [modern_industrialization:silver_plate, railcraft:silver_plate, immersiveengineering:plate_silver]
[22:13:57.484] [INFO]: [AutoHiding] Hiding 1/2 items for tag '#c:dirty_dusts/uranium' -> [mekanism:dirty_dust_uranium]
[22:13:57.484] [INFO]: [AutoHiding] Hiding 3/4 items for tag '#c:dusts/lead' -> [immersiveengineering:dust_lead, mekanism:dust_lead, modern_industrialization:lead_dust]
[22:13:57.484] [INFO]: [AutoHiding] Hiding 3/4 items for tag '#c:dusts/nickel' -> [immersiveengineering:dust_nickel, modern_industrialization:nickel_dust, oritech:nickel_dust]
[22:13:57.484] [INFO]: [AutoHiding] Hiding 2/3 items for tag '#c:ingots/invar' -> [railcraft:invar_ingot, modern_industrialization:invar_ingot]
[22:13:57.484] [INFO]: [AutoHiding] Hiding 4/5 items for tag '#c:storage_blocks/electrum' -> [immersiveengineering:storage_electrum, modern_industrialization:electrum_block, createaddition:electrum_block, oritech:electrum_block]
[22:13:57.484] [INFO]: [AutoHiding] Hiding 1/2 items for tag '#c:plates/uranium' -> [immersiveengineering:plate_uranium]
[22:13:57.484] [INFO]: [AutoHiding] Hiding 4/8 items for tag '#c:ores/platinum' -> [oritech:deepslate_platinum_ore, modern_industrialization:platinum_ore, oritech:endstone_platinum_ore, alltheores:other_platinum_ore]
[22:13:57.484] [INFO]: [AutoHiding] Hiding 2/3 items for tag '#c:gears/steel' -> [railcraft:steel_gear, modern_industrialization:steel_gear]
[22:13:57.484] [INFO]: [AutoHiding] Hiding 1/2 items for tag '#c:dusts/invar' -> [modern_industrialization:invar_dust]
[22:13:57.484] [INFO]: [AutoHiding] Hiding 3/4 items for tag '#c:storage_blocks/tin' -> [railcraft:tin_block, modern_industrialization:tin_block, mekanism:block_tin]
[22:13:57.484] [INFO]: [AutoHiding] Hiding 10/14 items for tag '#c:ores/uranium' -> [bigreactors:deepslate_yellorite_ore, modern_industrialization:deepslate_uranium_ore, bigreactors:yellorite_ore, alltheores:other_uranium_ore, mekanism:deepslate_uranium_ore, mekanism:uranium_ore, immersiveengineering:ore_uranium, modern_industrialization:uranium_ore, oritech:deepslate_uranium_ore, immersiveengineering:deepslate_ore_uranium]
[22:13:57.484] [INFO]: [AutoHiding] Hiding 1/2 items for tag '#c:gears/aluminum' -> [modern_industrialization:aluminum_gear]
[22:13:57.484] [INFO]: [AutoHiding] Hiding 2/3 items for tag '#c:storage_blocks/zinc' -> [create:zinc_block, railcraft:zinc_block]
[22:13:57.484] [INFO]: [AutoHiding] Hiding 2/3 items for tag '#c:plates/invar' -> [railcraft:invar_plate, modern_industrialization:invar_plate]
[22:13:57.484] [INFO]: [AutoHiding] Hiding 3/4 items for tag '#c:storage_blocks/aluminum' -> [xycraft_world:aluminum_storage, modern_industrialization:aluminum_block, immersiveengineering:storage_aluminum]
[22:13:57.484] [INFO]: [AutoHiding] Hiding 2/3 items for tag '#c:rods/steel' -> [modern_industrialization:steel_rod, immersiveengineering:stick_steel]
[22:13:57.484] [INFO]: [AutoHiding] Hiding 6/8 items for tag '#c:ores/redstone' -> [eternal_starlight:haze_ice_redstone_ore, eternal_starlight:voidstone_redstone_ore, eternal_starlight:grimstone_redstone_ore, eternal_starlight:eternal_ice_redstone_ore, deeperdarker:sculk_stone_redstone_ore, deeperdarker:gloomslate_redstone_ore]
[22:13:57.486] [INFO]: [AutoHiding] Hiding 2/3 items for tag '#c:rods/gold' -> [createaddition:gold_rod, modern_industrialization:gold_rod]
[22:13:57.486] [INFO]: [AutoHiding] Hiding 3/4 items for tag '#c:nuggets/aluminum' -> [modern_industrialization:aluminum_nugget, immersiveengineering:nugget_aluminum, xycraft_world:aluminum_nugget]
[22:13:57.486] [INFO]: [AutoHiding] Hiding 5/6 items for tag '#c:storage_blocks/raw_uranium' -> [mekanism:block_raw_uranium, modern_industrialization:raw_uranium_block, oritech:raw_uranium_block, immersiveengineering:raw_block_uranium, bigreactors:raw_yellorium_block]
[22:13:57.486] [INFO]: [AutoHiding] Hiding 1/2 items for tag '#c:storage_blocks/raw_iridium' -> [modern_industrialization:raw_iridium_block]
[22:13:57.486] [INFO]: [AutoHiding] Hiding 1/2 items for tag '#c:rods/bronze' -> [modern_industrialization:bronze_rod]
[22:13:57.486] [INFO]: [AutoHiding] Hiding 2/3 items for tag '#c:plates/zinc' -> [createaddition:zinc_sheet, railcraft:zinc_plate]
[22:13:57.486] [INFO]: [AutoHiding] Hiding 1/2 items for tag '#c:rods/electrum' -> [createaddition:electrum_rod]
[22:13:57.486] [INFO]: [AutoHiding] Hiding 2/3 items for tag '#c:nuggets/zinc' -> [railcraft:zinc_nugget, create:zinc_nugget]
[22:13:57.486] [INFO]: [AutoHiding] Hiding 4/5 items for tag '#c:dusts/sulfur' -> [immersiveengineering:dust_sulfur, modern_industrialization:sulfur_dust, mekanism:dust_sulfur, railcraft:sulfur_dust]
[22:13:57.486] [INFO]: [AutoHiding] Hiding 3/4 items for tag '#c:dusts/tin' -> [mekanism:dust_tin, enderio:powdered_tin, modern_industrialization:tin_dust]
[22:13:57.486] [INFO]: [AutoHiding] Hiding 2/3 items for tag '#c:dusts/ender_pearl' -> [enderio:powdered_ender_pearl, railcraft:ender_dust]
[22:13:57.486] [INFO]: [AutoHiding] Hiding 2/3 items for tag '#c:ingots/platinum' -> [oritech:platinum_ingot, modern_industrialization:platinum_ingot]
[22:13:57.486] [INFO]: [AutoHiding] Hiding 3/4 items for tag '#c:dusts/lapis' -> [modern_industrialization:lapis_dust, enderio:powdered_lapis_lazuli, occultism:lapis_dust]
[22:13:57.486] [INFO]: [AutoHiding] Hiding 2/3 items for tag '#c:raw_materials/platinum' -> [oritech:raw_platinum, modern_industrialization:raw_platinum]
[22:13:57.486] [INFO]: [AutoHiding] Hiding 2/3 items for tag '#c:plates/brass' -> [create:brass_sheet, railcraft:brass_plate]
[22:13:57.486] [INFO]: [AutoHiding] Hiding 2/6 items for tag '#c:ores/iridium' -> [alltheores:other_iridium_ore, modern_industrialization:iridium_ore]
[22:13:57.486] [INFO]: [AutoHiding] Hiding 4/5 items for tag '#c:nuggets/steel' -> [mekanism:nugget_steel, railcraft:steel_nugget, modern_industrialization:steel_nugget, immersiveengineering:nugget_steel]
[22:13:57.486] [INFO]: [AutoHiding] Hiding 4/6 items for tag '#c:ores/coal' -> [undergarden:depthrock_coal_ore, deeperdarker:gloomslate_coal_ore, undergarden:shiverstone_coal_ore, deeperdarker:sculk_stone_coal_ore]
[22:13:57.486] [INFO]: [AutoHiding] Hiding 1/2 items for tag '#c:shards/copper' -> [mekanism:shard_copper]
[22:13:57.486] [INFO]: [AutoHiding] Hiding 1/2 items for tag '#c:storage_blocks/constantan' -> [immersiveengineering:storage_constantan]
[22:13:57.486] [INFO]: [AutoHiding] Hiding 4/5 items for tag '#c:raw_materials/lead' -> [modern_industrialization:raw_lead, mekanism:raw_lead, immersiveengineering:raw_lead, railcraft:lead_raw]
[22:13:57.486] [INFO]: [AutoHiding] Hiding 2/3 items for tag '#c:storage_blocks/raw_platinum' -> [oritech:raw_platinum_block, modern_industrialization:raw_platinum_block]
[22:13:57.488] [INFO]: [AutoHiding] Hiding 3/4 items for tag '#c:nuggets/bronze' -> [modern_industrialization:bronze_nugget, railcraft:bronze_nugget, mekanism:nugget_bronze]
[22:13:57.488] [INFO]: [AutoHiding] Hiding 6/7 items for tag '#c:nuggets/silver' -> [occultism:silver_nugget, immersiveengineering:nugget_silver, modern_industrialization:silver_nugget, iceandfire:silver_nugget, railcraft:silver_nugget, silentgems:silver_nugget]
[22:13:57.488] [INFO]: [AutoHiding] Hiding 1/2 items for tag '#c:dusts/fluorite' -> [mekanism:dust_fluorite]
[22:13:57.488] [INFO]: [AutoHiding] Hiding 4/5 items for tag '#c:nuggets/lead' -> [modern_industrialization:lead_nugget, mekanism:nugget_lead, immersiveengineering:nugget_lead, railcraft:lead_nugget]
[22:13:57.488] [INFO]: [AutoHiding] Hiding 5/9 items for tag '#c:ores/zinc' -> [create:deepslate_zinc_ore, railcraft:zinc_ore, alltheores:other_zinc_ore, railcraft:deepslate_zinc_ore, create:zinc_ore]
[22:13:57.488] [INFO]: [AutoHiding] Hiding 3/4 items for tag '#c:plates/electrum' -> [immersiveengineering:plate_electrum, createaddition:electrum_sheet, modern_industrialization:electrum_plate]
[22:13:57.488] [INFO]: [AutoHiding] Hiding 1/2 items for tag '#c:raw_materials/iridium' -> [modern_industrialization:raw_iridium]
[22:13:57.488] [INFO]: [AutoHiding] Hiding 1/2 items for tag '#c:shards/aluminum' -> [xycraft_machines:aluminum_shard]
[22:13:57.488] [INFO]: [AutoHiding] Hiding 6/7 items for tag '#c:ingots/silver' -> [modern_industrialization:silver_ingot, iceandfire:silver_ingot, railcraft:silver_ingot, silentgems:silver_ingot, occultism:silver_ingot, immersiveengineering:ingot_silver]
[22:13:57.488] [INFO]: [AutoHiding] Hiding 1/2 items for tag '#c:storage_blocks/peridot' -> [silentgems:peridot_block]
[22:13:57.488] [INFO]: [AutoHiding] Hiding 1/2 items for tag '#c:crystals/lead' -> [mekanism:crystal_lead]
[22:13:57.488] [INFO]: [AutoHiding] Hiding 2/3 items for tag '#c:rods/aluminum' -> [modern_industrialization:aluminum_rod, immersiveengineering:stick_aluminum]
[22:13:57.488] [INFO]: [AutoHiding] Hiding 4/5 items for tag '#c:ingots/bronze' -> [railcraft:bronze_ingot, modern_industrialization:bronze_ingot, mekanism:ingot_bronze, silentgear:bronze_ingot]
[22:13:57.488] [INFO]: [AutoHiding] Hiding 1/2 items for tag '#c:gears/nickel' -> [railcraft:nickel_gear]
[22:13:57.488] [INFO]: [AutoHiding] Hiding 1/2 items for tag '#c:dirty_dusts/lead' -> [mekanism:dirty_dust_lead]
[22:13:57.488] [INFO]: [AutoHiding] Hiding 1/2 items for tag '#c:dusts/ruby' -> [modern_industrialization:ruby_dust]
[22:13:57.488] [INFO]: [AutoHiding] Hiding 2/3 items for tag '#c:clumps/nickel' -> [create:crushed_raw_nickel, oritech:nickel_clump]
[22:13:57.488] [INFO]: [AutoHiding] Hiding 3/4 items for tag '#c:storage_blocks/raw_lead' -> [immersiveengineering:raw_block_lead, mekanism:block_raw_lead, modern_industrialization:raw_lead_block]
[22:13:57.488] [INFO]: [AutoHiding] Hiding 4/5 items for tag '#c:storage_blocks/uranium' -> [immersiveengineering:storage_uranium, modern_industrialization:uranium_block, mekanism:block_uranium, bigreactors:yellorium_block]
[22:13:57.488] [INFO]: [AutoHiding] Hiding 11/15 items for tag '#c:ores/silver' -> [silentgems:deepslate_silver_ore, occultism:silver_ore, immersiveengineering:ore_silver, railcraft:deepslate_silver_ore, silentgems:silver_ore, railcraft:silver_ore, alltheores:other_silver_ore, immersiveengineering:deepslate_ore_silver, iceandfire:deepslate_silver_ore, iceandfire:silver_ore, occultism:silver_ore_deepslate]
[22:13:57.488] [INFO]: [AutoHiding] Hiding 1/2 items for tag '#c:ingots/iridium' -> [modern_industrialization:iridium_ingot]
[22:13:57.490] [INFO]: [AutoHiding] Hiding 4/5 items for tag '#c:ingots/electrum' -> [createaddition:electrum_ingot, modern_industrialization:electrum_ingot, immersiveengineering:ingot_electrum, oritech:electrum_ingot]
[22:13:57.490] [INFO]: [AutoHiding] Hiding 1/2 items for tag '#c:crystals/tin' -> [mekanism:crystal_tin]
[22:13:57.490] [INFO]: [AutoHiding] Hiding 1/2 items for tag '#c:nuggets/constantan' -> [immersiveengineering:nugget_constantan]
[22:13:57.490] [INFO]: [AutoHiding] Hiding 1/2 items for tag '#c:rods/netherite' -> [immersiveengineering:stick_netherite]
[22:13:57.490] [INFO]: [AutoHiding] Hiding 1/2 items for tag '#c:storage_blocks/sulfur' -> [modern_industrialization:sulfur_block]
[22:13:57.490] [INFO]: [AutoHiding] Hiding 6/10 items for tag '#c:ores/aluminum' -> [xycraft_world:aluminum_ore_stone, xycraft_world:aluminum_ore_deepslate, alltheores:other_aluminum_ore, xycraft_world:aluminum_ore_kivi, immersiveengineering:deepslate_ore_aluminum, immersiveengineering:ore_aluminum]
[22:13:57.490] [INFO]: [AutoHiding] Hiding 3/7 items for tag '#c:ores/osmium' -> [mekanism:deepslate_osmium_ore, mekanism:osmium_ore, alltheores:other_osmium_ore]
[22:13:57.490] [INFO]: [AutoHiding] Hiding 2/3 items for tag '#c:gears/bronze' -> [modern_industrialization:bronze_gear, railcraft:bronze_gear]
[22:13:57.490] [INFO]: [AutoHiding] Hiding 1/2 items for tag '#c:dusts/charcoal' -> [railcraft:charcoal_dust]
[22:13:57.490] [INFO]: [AutoHiding] Hiding 5/6 items for tag '#c:plates/iron' -> [xycraft_machines:iron_sheet, modern_industrialization:iron_plate, railcraft:iron_plate, create:iron_sheet, immersiveengineering:plate_iron]
[22:13:57.490] [INFO]: [AutoHiding] Hiding 2/3 items for tag '#c:gems/ruby' -> [silentgems:ruby, irons_jewelry:ruby]
[22:13:57.490] [INFO]: [AutoHiding] Hiding 1/2 items for tag '#c:dusts/constantan' -> [immersiveengineering:dust_constantan]
[22:13:57.490] [INFO]: [AutoHiding] Hiding 1/2 items for tag '#c:shards/uranium' -> [mekanism:shard_uranium]
[22:13:57.490] [INFO]: [AutoHiding] Hiding 1/2 items for tag '#c:storage_blocks/raw_zinc' -> [create:raw_zinc_block]
[22:13:57.490] [INFO]: [AutoHiding] Hiding 2/4 items for tag '#c:ores/emerald' -> [deeperdarker:sculk_stone_emerald_ore, deeperdarker:gloomslate_emerald_ore]
[22:13:57.490] [INFO]: [AutoHiding] Hiding 3/4 items for tag '#c:plates/steel' -> [railcraft:steel_plate, immersiveengineering:plate_steel, modern_industrialization:steel_plate]
[22:13:57.490] [INFO]: [AutoHiding] Hiding 3/4 items for tag '#c:dusts/electrum' -> [immersiveengineering:dust_electrum, oritech:electrum_dust, modern_industrialization:electrum_dust]
[22:13:57.490] [INFO]: [AutoHiding] Hiding 4/5 items for tag '#c:dusts/diamond' -> [appflux:diamond_dust, createaddition:diamond_grit, modern_industrialization:diamond_dust, mekanism:dust_diamond]
[22:13:57.490] [INFO]: [AutoHiding] Hiding 4/5 items for tag '#c:dusts/coal' -> [railcraft:coal_dust, oritech:coal_dust, enderio:powdered_coal, modern_industrialization:coal_dust]
[22:13:57.490] [INFO]: [AutoHiding] Hiding 1/2 items for tag '#c:plates/diamond' -> [modern_industrialization:diamond_plate]
[22:13:57.490] [INFO]: [AutoHiding] Hiding 3/4 items for tag '#c:clumps/gold' -> [oritech:gold_clump, mekanism:clump_gold, create:crushed_raw_gold]
[22:13:57.490] [INFO]: [AutoHiding] Hiding 4/5 items for tag '#c:ingots/lead' -> [immersiveengineering:ingot_lead, mekanism:ingot_lead, modern_industrialization:lead_ingot, railcraft:lead_ingot]
[22:13:57.490] [INFO]: [AutoHiding] Hiding 1/2 items for tag '#c:gears/silver' -> [railcraft:silver_gear]
[22:13:57.492] [INFO]: [AutoHiding] Hiding 2/3 items for tag '#c:gears/tin' -> [railcraft:tin_gear, modern_industrialization:tin_gear]
[22:14:00.825] [INFO]: Loading config 'duplicates.json'.
[22:14:00.828] [INFO]: Recipe count: 95546
[22:14:00.902] [WARN]: Could not detect recipe type for recipe 'sushigocrafting:fermenting_barrel/soy', skipping.
[22:14:00.922] [WARN]: Could not detect recipe type for recipe 'immersiveengineering:arc_recycling_list', skipping.
[22:14:00.985] [INFO]: 88185 out of 95546 recipes were loaded for unification.
[22:14:01.740] [INFO]: Recipe count afterwards: 94673 (done in 912.3 ms)
