[17:56:37] [ServerMain/WARN]: resource-pack-id missing, using default of d8ab6c04-5a44-3ec3-a070-c3ba98d63dac
[17:56:37] [ServerMain/INFO]: Environment: Environment[sessionHost=https://sessionserver.mojang.com, servicesHost=https://api.minecraftservices.com, name=PROD]
[17:56:37] [ServerMain/INFO]: Loaded 1175 recipes
[17:56:37] [ServerMain/INFO]: Loaded 1276 advancements
[17:56:38] [Server thread/INFO]: Starting minecraft server version 1.20.6
[17:56:38] [Server thread/INFO]: Loading properties
[17:56:38] [Server thread/INFO]: Default game type: SURVIVAL
[17:56:38] [Server thread/INFO]: Generating keypair
[17:56:38] [Server thread/INFO]: Starting Minecraft server on *:25565
[17:56:38] [Server thread/INFO]: Using default channel type
[17:56:38] [Server thread/INFO]: Preparing level "world"
[17:56:38] [Server thread/INFO]: Preparing start region for dimension minecraft:overworld
[17:56:39] [Worker-Main-19/INFO]: Preparing spawn area: 0%
[17:56:39] [Worker-Main-1/INFO]: Preparing spawn area: 69%
[17:56:39] [Server thread/INFO]: Time elapsed: 507 ms
[17:56:39] [Server thread/INFO]: Done (0.813s)! For help, type "help"
[17:58:56] [User Authenticator #1/INFO]: UUID of player SwordsLeo is 715ef24f-219f-497d-87be-96977dea3cea
[17:59:02] [Server thread/INFO]: SwordsLeo[/192.168.50.44:50146] logged in with entity id 16 at (578.41634787313, 69.0, -124.5151523583103)
[17:59:02] [Server thread/INFO]: SwordsLeo joined the game
[18:02:10] [Server thread/INFO]: SwordsLeo lost connection: Disconnected
[18:02:10] [Server thread/INFO]: SwordsLeo left the game
[18:04:51] [User Authenticator #2/INFO]: UUID of player OcelotKatie is bb0452e7-3721-45af-a23b-ba353520ed11
[18:05:01] [Server thread/INFO]: OcelotKatie[/98.97.7.196:27939] logged in with entity id 1319 at (682.9119549942612, 112.0, -62.4735557538484)
[18:05:01] [Server thread/INFO]: OcelotKatie joined the game
[18:05:07] [User Authenticator #3/INFO]: UUID of player SwordsLeo is 715ef24f-219f-497d-87be-96977dea3cea
[18:05:09] [Server thread/INFO]: SwordsLeo[/192.168.50.44:50918] logged in with entity id 1953 at (679.1981310567244, 116.0, -59.46307580383429)
[18:05:09] [Server thread/INFO]: SwordsLeo joined the game
[18:32:13] [Server thread/INFO]: OcelotKatie lost connection: Disconnected
[18:32:13] [Server thread/INFO]: OcelotKatie left the game
[18:32:14] [Server thread/INFO]: SwordsLeo lost connection: Disconnected
[18:32:14] [Server thread/INFO]: SwordsLeo left the game
[18:32:23] [Server thread/INFO]: Unknown or incomplete command, see below for error
[18:32:23] [Server thread/INFO]: saveall<--[HERE]
[18:32:27] [Server thread/INFO]: Unknown or incomplete command, see below for error
[18:32:27] [Server thread/INFO]: save<--[HERE]
[18:32:29] [Server thread/INFO]: /advancement (grant|revoke)
[18:32:29] [Server thread/INFO]: /attribute <target> <attribute> (get|base|modifier)
[18:32:29] [Server thread/INFO]: /execute (run|if|unless|as|at|store|positioned|rotated|facing|align|anchored|in|summon|on)
[18:32:29] [Server thread/INFO]: /bossbar (add|remove|list|set|get)
[18:32:29] [Server thread/INFO]: /clear [<targets>]
[18:32:29] [Server thread/INFO]: /clone (<begin>|from)
[18:32:29] [Server thread/INFO]: /damage <target> <amount> [<damageType>]
[18:32:29] [Server thread/INFO]: /data (merge|get|remove|modify)
[18:32:29] [Server thread/INFO]: /datapack (enable|disable|list)
[18:32:29] [Server thread/INFO]: /debug (start|stop|function)
[18:32:29] [Server thread/INFO]: /defaultgamemode <gamemode>
[18:32:29] [Server thread/INFO]: /difficulty [peaceful|easy|normal|hard]
[18:32:29] [Server thread/INFO]: /effect (clear|give)
[18:32:29] [Server thread/INFO]: /me <action>
[18:32:29] [Server thread/INFO]: /enchant <targets> <enchantment> [<level>]
[18:32:29] [Server thread/INFO]: /experience (add|set|query)
[18:32:29] [Server thread/INFO]: /xp -> experience
[18:32:29] [Server thread/INFO]: /fill <from> <to> <block> [replace|keep|outline|hollow|destroy]
[18:32:29] [Server thread/INFO]: /fillbiome <from> <to> <biome> [replace]
[18:32:29] [Server thread/INFO]: /forceload (add|remove|query)
[18:32:29] [Server thread/INFO]: /function <name> [<arguments>|with]
[18:32:29] [Server thread/INFO]: /gamemode <gamemode> [<target>]
[18:32:29] [Server thread/INFO]: /gamerule (announceAdvancements|blockExplosionDropDecay|commandBlockOutput|commandModificationBlockLimit|disableElytraMovementCheck|disableRaids|doDaylightCycle|doEntityDrops|doFireTick|doImmediateRespawn|doInsomnia|doLimitedCrafting|doMobLoot|doMobSpawning|doPatrolSpawning|doTileDrops|doTraderSpawning|doVinesSpread|doWardenSpawning|doWeatherCycle|drowningDamage|enderPearlsVanishOnDeath|fallDamage|fireDamage|forgiveDeadPlayers|freezeDamage|globalSoundEvents|keepInventory|lavaSourceConversion|logAdminCommands|maxCommandChainLength|maxCommandForkCount|maxEntityCramming|mobExplosionDropDecay|mobGriefing|naturalRegeneration|playersNetherPortalCreativeDelay|playersNetherPortalDefaultDelay|playersSleepingPercentage|projectilesCanBreakBlocks|randomTickSpeed|reducedDebugInfo|sendCommandFeedback|showDeathMessages|snowAccumulationHeight|spawnChunkRadius|spawnRadius|spectatorsGenerateChunks|tntExplosionDropDecay|universalAnger|waterSourceConversion)
[18:32:29] [Server thread/INFO]: /give <targets> <item> [<count>]
[18:32:29] [Server thread/INFO]: /help [<command>]
[18:32:29] [Server thread/INFO]: /item (replace|modify)
[18:32:29] [Server thread/INFO]: /kick <targets> [<reason>]
[18:32:29] [Server thread/INFO]: /kill [<targets>]
[18:32:29] [Server thread/INFO]: /list [uuids]
[18:32:29] [Server thread/INFO]: /locate (structure|biome|poi)
[18:32:29] [Server thread/INFO]: /loot (replace|insert|give|spawn)
[18:32:29] [Server thread/INFO]: /msg <targets> <message>
[18:32:29] [Server thread/INFO]: /tell -> msg
[18:32:29] [Server thread/INFO]: /w -> msg
[18:32:29] [Server thread/INFO]: /particle <name> [<pos>]
[18:32:29] [Server thread/INFO]: /place (feature|jigsaw|structure|template)
[18:32:29] [Server thread/INFO]: /playsound <sound> [master|music|record|weather|block|hostile|neutral|player|ambient|voice]
[18:32:29] [Server thread/INFO]: /random (value|roll|reset)
[18:32:29] [Server thread/INFO]: /reload
[18:32:29] [Server thread/INFO]: /recipe (give|take)
[18:32:29] [Server thread/INFO]: /return (<value>|fail|run)
[18:32:29] [Server thread/INFO]: /ride <target> (mount|dismount)
[18:32:29] [Server thread/INFO]: /say <message>
[18:32:29] [Server thread/INFO]: /schedule (function|clear)
[18:32:29] [Server thread/INFO]: /scoreboard (objectives|players)
[18:32:29] [Server thread/INFO]: /seed
[18:32:29] [Server thread/INFO]: /setblock <pos> <block> [destroy|keep|replace]
[18:32:29] [Server thread/INFO]: /spawnpoint [<targets>]
[18:32:29] [Server thread/INFO]: /setworldspawn [<pos>]
[18:32:29] [Server thread/INFO]: /spectate [<target>]
[18:32:29] [Server thread/INFO]: /spreadplayers <center> <spreadDistance> <maxRange> (<respectTeams>|under)
[18:32:29] [Server thread/INFO]: /stopsound <targets> [*|master|music|record|weather|block|hostile|neutral|player|ambient|voice]
[18:32:29] [Server thread/INFO]: /summon <entity> [<pos>]
[18:32:29] [Server thread/INFO]: /tag <targets> (add|remove|list)
[18:32:29] [Server thread/INFO]: /team (list|add|remove|empty|join|leave|modify)
[18:32:29] [Server thread/INFO]: /teammsg <message>
[18:32:29] [Server thread/INFO]: /tm -> teammsg
[18:32:29] [Server thread/INFO]: /teleport (<location>|<destination>|<targets>)
[18:32:29] [Server thread/INFO]: /tp -> teleport
[18:32:29] [Server thread/INFO]: /tellraw <targets> <message>
[18:32:29] [Server thread/INFO]: /tick (query|rate|step|sprint|unfreeze|freeze)
[18:32:29] [Server thread/INFO]: /time (set|add|query)
[18:32:29] [Server thread/INFO]: /title <targets> (clear|reset|title|subtitle|actionbar|times)
[18:32:29] [Server thread/INFO]: /trigger <objective> [add|set]
[18:32:29] [Server thread/INFO]: /weather (clear|rain|thunder)
[18:32:29] [Server thread/INFO]: /worldborder (add|set|center|damage|get|warning)
[18:32:29] [Server thread/INFO]: /jfr (start|stop)
[18:32:29] [Server thread/INFO]: /ban-ip <target> [<reason>]
[18:32:29] [Server thread/INFO]: /banlist [ips|players]
[18:32:29] [Server thread/INFO]: /ban <targets> [<reason>]
[18:32:29] [Server thread/INFO]: /deop <targets>
[18:32:29] [Server thread/INFO]: /op <targets>
[18:32:29] [Server thread/INFO]: /pardon <targets>
[18:32:29] [Server thread/INFO]: /pardon-ip <target>
[18:32:29] [Server thread/INFO]: /perf (start|stop)
[18:32:29] [Server thread/INFO]: /save-all [flush]
[18:32:29] [Server thread/INFO]: /save-off
[18:32:29] [Server thread/INFO]: /save-on
[18:32:29] [Server thread/INFO]: /setidletimeout <minutes>
[18:32:29] [Server thread/INFO]: /stop
[18:32:29] [Server thread/INFO]: /transfer <hostname> [<port>]
[18:32:29] [Server thread/INFO]: /whitelist (on|off|list|add|remove|reload)
[18:32:55] [Server thread/INFO]: Saving the game (this may take a moment!)
[18:32:55] [Server thread/INFO]: Saved the game
[18:32:58] [Server thread/INFO]: Stopping the server
[18:32:58] [Server thread/INFO]: Stopping server
[18:32:58] [Server thread/INFO]: Saving players
[18:32:58] [Server thread/INFO]: Saving worlds
[18:32:58] [Server thread/INFO]: Saving chunks for level 'ServerLevel[world]'/minecraft:overworld
[18:32:58] [Server thread/INFO]: Saving chunks for level 'ServerLevel[world]'/minecraft:the_nether
[18:32:58] [Server thread/INFO]: Saving chunks for level 'ServerLevel[world]'/minecraft:the_end
[18:32:58] [Server thread/INFO]: ThreadedAnvilChunkStorage (world): All chunks are saved
[18:32:58] [Server thread/INFO]: ThreadedAnvilChunkStorage (DIM-1): All chunks are saved
[18:32:58] [Server thread/INFO]: ThreadedAnvilChunkStorage (DIM1): All chunks are saved
[18:32:58] [Server thread/INFO]: ThreadedAnvilChunkStorage: All dimensions are saved
